ASxxxx Linker V03.00 + NoICE + sdld,  page 1.
Hexadecimal  [32-Bits]

Area                                    Addr        Size        Decimal Bytes (Attributes)
--------------------------------        ----        ----        ------- ----- ------------
CABS                                00000000    00000000 =           0. bytes (ABS,CON,CODE)

      Value  Global                              Global Defined In Module
      -----  --------------------------------   ------------------------
C:   00000000  l_BIT_BANK                      
C:   00000000  l_CABS                          
C:   00000000  l_GSINIT                        
C:   00000000  l_GSINIT1                       
C:   00000000  l_GSINIT5                       
C:   00000000  l_IABS                          
C:   00000000  l_ISEG                          
C:   00000000  l_PSEG                          
C:   00000000  l_REG_BANK_2                    
C:   00000000  l_REG_BANK_3                    
C:   00000000  l_RSEG                          
C:   00000000  l_RSEG0                         
C:   00000000  l_RSEG1                         
C:   00000000  l_XABS                          
C:   00000000  l_XINIT                         
C:   00000000  l_XISEG                         
C:   00000000  l_XSEG                          
C:   00000000  l__CODE                         
C:   00000000  s_BSEG                          
C:   00000000  s_CABS                          
C:   00000000  s_DSEG                          
C:   00000000  s_HOME                          
C:   00000000  s_IABS                          
C:   00000000  s_ISEG                          
C:   00000000  s_REG_BANK_0                    
C:   00000000  s_RSEG                          
C:   00000000  s_RSEG0                         
C:   00000000  s_RSEG1                         
C:   00000000  s_XABS                          
C:   00000001  l_BSEG_BYTES                    
C:   00000001  s_PSEG                          
C:   00000001  s_XISEG                         
C:   00000001  s_XSEG                          
C:   00000002  l_BSEG                          
C:   00000002  l_OSEG                          
C:   00000003  l_GSFINAL                       
C:   00000003  l_GSINIT0                       
C:   00000008  l_REG_BANK_0                    
C:   00000008  l_REG_BANK_1                    
C:   00000008  s_REG_BANK_1                    
C:   0000000A  l_GSINIT2                       
C:   00000010  s_OSEG                          
C:   00000010  s_REG_BANK_2                    
C:   00000018  s_BIT_BANK                      
C:   00000018  s_REG_BANK_3                    
C:   00000019  l_HOME                          
C:   00000019  s_GSINIT0                       
C:   0000001C  s_GSINIT1                       
C:   0000001C  s_GSINIT2                       
C:   00000020  s_BSEG_BYTES                    
ASxxxx Linker V03.00 + NoICE + sdld,  page 2.
Hexadecimal  [32-Bits]

Area                                    Addr        Size        Decimal Bytes (Attributes)
--------------------------------        ----        ----        ------- ----- ------------
CABS                                00000000    00000000 =           0. bytes (ABS,CON,CODE)

      Value  Global                              Global Defined In Module
      -----  --------------------------------   ------------------------
C:   00000020  s__CODE                         
C:   00000021  l_CONST                         
C:   00000022  l_GSINIT3                       
C:   00000026  s_GSINIT3                       
C:   0000002A  l_GSINIT4                       
C:   00000048  s_GSINIT4                       
C:   00000067  s_SSEG                          
C:   00000072  l_DSEG                          
C:   00000072  s_GSFINAL                       
C:   00000072  s_GSINIT                        
C:   00000072  s_GSINIT5                       
C:   00000075  s_CSEG                          
C:   00000099  l_SSEG                          
C:   00000100  l_IRAM                          
C:   000015B7  l_CSEG                          
C:   0000162C  s_CONST                         
C:   0000164D  s_XINIT                         

ASxxxx Linker V03.00 + NoICE + sdld,  page 3.
Hexadecimal  [32-Bits]

Area                                    Addr        Size        Decimal Bytes (Attributes)
--------------------------------        ----        ----        ------- ----- ------------
.  .ABS.                            00000000    00000000 =           0. bytes (ABS,CON)

      Value  Global                              Global Defined In Module
      -----  --------------------------------   ------------------------
     00000000  .__.ABS.                           _startup
     00000080  G$P0$0$0                           jws
     00000080  G$P0_0$0$0                         jws
     00000080  _P0                                jws
     00000080  _P0_0                              jws
     00000081  G$P0_1$0$0                         jws
     00000081  G$SP$0$0                           jws
     00000081  _P0_1                              jws
     00000081  _SP                                jws
     00000082  G$DPL$0$0                          jws
     00000082  G$P0_2$0$0                         jws
     00000082  _DPL                               jws
     00000082  _P0_2                              jws
     00000083  G$DPH$0$0                          jws
     00000083  G$P0_3$0$0                         jws
     00000083  _DPH                               jws
     00000083  _P0_3                              jws
     00000084  G$P0_4$0$0                         jws
     00000084  _P0_4                              jws
     00000085  G$P0_5$0$0                         jws
     00000085  _P0_5                              jws
     00000086  G$P0_6$0$0                         jws
     00000086  _P0_6                              jws
     00000087  G$P0_7$0$0                         jws
     00000087  G$PCON$0$0                         jws
     00000087  _P0_7                              jws
     00000087  _PCON                              jws
     00000088  G$IT0$0$0                          jws
     00000088  G$TCON$0$0                         jws
     00000088  _IT0                               jws
     00000088  _TCON                              jws
     00000089  G$IE0$0$0                          jws
     00000089  G$TMOD$0$0                         jws
     00000089  _IE0                               jws
     00000089  _TMOD                              jws
     0000008A  G$IT1$0$0                          jws
     0000008A  G$TL0$0$0                          jws
     0000008A  _IT1                               jws
     0000008A  _TL0                               jws
     0000008B  G$IE1$0$0                          jws
     0000008B  G$TL1$0$0                          jws
     0000008B  _IE1                               jws
     0000008B  _TL1                               jws
     0000008C  G$TH0$0$0                          jws
     0000008C  G$TR0$0$0                          jws
     0000008C  _TH0                               jws
     0000008C  _TR0                               jws
     0000008D  G$TF0$0$0                          jws
     0000008D  G$TH1$0$0                          jws
     0000008D  _TF0                               jws
ASxxxx Linker V03.00 + NoICE + sdld,  page 4.
Hexadecimal  [32-Bits]

Area                                    Addr        Size        Decimal Bytes (Attributes)
--------------------------------        ----        ----        ------- ----- ------------
.  .ABS.                            00000000    00000000 =           0. bytes (ABS,CON)

      Value  Global                              Global Defined In Module
      -----  --------------------------------   ------------------------
     0000008D  _TH1                               jws
     0000008E  G$TR1$0$0                          jws
     0000008E  _TR1                               jws
     0000008F  G$TF1$0$0                          jws
     0000008F  _TF1                               jws
     00000090  G$P1$0$0                           jws
     00000090  G$P1_0$0$0                         jws
     00000090  G$T2$0$0                           jws
     00000090  _P1                                jws
     00000090  _P1_0                              jws
     00000090  _T2                                jws
     00000091  G$P1_1$0$0                         jws
     00000091  G$T2EX$0$0                         jws
     00000091  _P1_1                              jws
     00000091  _T2EX                              jws
     00000092  G$P1_2$0$0                         jws
     00000092  _P1_2                              jws
     00000093  G$P1_3$0$0                         jws
     00000093  _P1_3                              jws
     00000094  G$P1_4$0$0                         jws
     00000094  _P1_4                              jws
     00000095  G$P1_5$0$0                         jws
     00000095  _P1_5                              jws
     00000096  G$P1_6$0$0                         jws
     00000096  _P1_6                              jws
     00000097  G$P1_7$0$0                         jws
     00000097  _P1_7                              jws
     00000098  G$RI$0$0                           jws
     00000098  G$SCON$0$0                         jws
     00000098  _RI                                jws
     00000098  _SCON                              jws
     00000099  G$SBUF$0$0                         jws
     00000099  G$TI$0$0                           jws
     00000099  _SBUF                              jws
     00000099  _TI                                jws
     0000009A  G$RB8$0$0                          jws
     0000009A  _RB8                               jws
     0000009B  G$TB8$0$0                          jws
     0000009B  _TB8                               jws
     0000009C  G$REN$0$0                          jws
     0000009C  _REN                               jws
     0000009D  G$SM2$0$0                          jws
     0000009D  _SM2                               jws
     0000009E  G$SM1$0$0                          jws
     0000009E  _SM1                               jws
     0000009F  G$SM0$0$0                          jws
     0000009F  _SM0                               jws
     000000A0  G$P2$0$0                           jws
     000000A0  G$P2_0$0$0                         jws
     000000A0  _P2                                jws
     000000A0  _P2_0                              jws
ASxxxx Linker V03.00 + NoICE + sdld,  page 5.
Hexadecimal  [32-Bits]

Area                                    Addr        Size        Decimal Bytes (Attributes)
--------------------------------        ----        ----        ------- ----- ------------
.  .ABS.                            00000000    00000000 =           0. bytes (ABS,CON)

      Value  Global                              Global Defined In Module
      -----  --------------------------------   ------------------------
     000000A0  __XPAGE                            
     000000A1  G$P2_1$0$0                         jws
     000000A1  _P2_1                              jws
     000000A2  G$P2_2$0$0                         jws
     000000A2  _P2_2                              jws
     000000A3  G$P2_3$0$0                         jws
     000000A3  _P2_3                              jws
     000000A4  G$P2_4$0$0                         jws
     000000A4  _P2_4                              jws
     000000A5  G$P2_5$0$0                         jws
     000000A5  _P2_5                              jws
     000000A6  G$P2_6$0$0                         jws
     000000A6  _P2_6                              jws
     000000A7  G$P2_7$0$0                         jws
     000000A7  _P2_7                              jws
     000000A8  G$EX0$0$0                          jws
     000000A8  G$IE$0$0                           jws
     000000A8  _EX0                               jws
     000000A8  _IE                                jws
     000000A9  G$ET0$0$0                          jws
     000000A9  _ET0                               jws
     000000AA  G$EX1$0$0                          jws
     000000AA  _EX1                               jws
     000000AB  G$ET1$0$0                          jws
     000000AB  _ET1                               jws
     000000AC  G$ES$0$0                           jws
     000000AC  _ES                                jws
     000000AD  G$ET2$0$0                          jws
     000000AD  _ET2                               jws
     000000AF  G$EA$0$0                           jws
     000000AF  _EA                                jws
     000000B0  G$P3$0$0                           jws
     000000B0  G$P3_0$0$0                         jws
     000000B0  G$RXD$0$0                          jws
     000000B0  _P3                                jws
     000000B0  _P3_0                              jws
     000000B0  _RXD                               jws
     000000B1  G$P3_1$0$0                         jws
     000000B1  G$TXD$0$0                          jws
     000000B1  _P3_1                              jws
     000000B1  _TXD                               jws
     000000B2  G$INT0$0$0                         jws
     000000B2  G$P3_2$0$0                         jws
     000000B2  _INT0                              jws
     000000B2  _P3_2                              jws
     000000B3  G$INT1$0$0                         jws
     000000B3  G$P3_3$0$0                         jws
     000000B3  _INT1                              jws
     000000B3  _P3_3                              jws
     000000B4  G$P3_4$0$0                         jws
     000000B4  G$T0$0$0                           jws
ASxxxx Linker V03.00 + NoICE + sdld,  page 6.
Hexadecimal  [32-Bits]

Area                                    Addr        Size        Decimal Bytes (Attributes)
--------------------------------        ----        ----        ------- ----- ------------
.  .ABS.                            00000000    00000000 =           0. bytes (ABS,CON)

      Value  Global                              Global Defined In Module
      -----  --------------------------------   ------------------------
     000000B4  _P3_4                              jws
     000000B4  _T0                                jws
     000000B5  G$P3_5$0$0                         jws
     000000B5  G$T1$0$0                           jws
     000000B5  _P3_5                              jws
     000000B5  _T1                                jws
     000000B6  G$P3_6$0$0                         jws
     000000B6  G$WR$0$0                           jws
     000000B6  _P3_6                              jws
     000000B6  _WR                                jws
     000000B7  G$P3_7$0$0                         jws
     000000B7  G$RD$0$0                           jws
     000000B7  _P3_7                              jws
     000000B7  _RD                                jws
     000000B8  G$IP$0$0                           jws
     000000B8  G$PX0$0$0                          jws
     000000B8  _IP                                jws
     000000B8  _PX0                               jws
     000000B9  G$PT0$0$0                          jws
     000000B9  _PT0                               jws
     000000BA  G$PX1$0$0                          jws
     000000BA  _PX1                               jws
     000000BB  G$PT1$0$0                          jws
     000000BB  _PT1                               jws
     000000BC  G$PS$0$0                           jws
     000000BC  _PS                                jws
     000000BD  G$PT2$0$0                          jws
     000000BD  _PT2                               jws
     000000C8  G$CP_RL2$0$0                       jws
     000000C8  G$T2CON$0$0                        jws
     000000C8  G$T2CON_0$0$0                      jws
     000000C8  _CP_RL2                            jws
     000000C8  _T2CON                             jws
     000000C8  _T2CON_0                           jws
     000000C9  G$C_T2$0$0                         jws
     000000C9  G$T2CON_1$0$0                      jws
     000000C9  G$T2MOD$0$0                        jws
     000000C9  _C_T2                              jws
     000000C9  _T2CON_1                           jws
     000000C9  _T2MOD                             jws
     000000CA  G$RCAP2L$0$0                       jws
     000000CA  G$T2CON_2$0$0                      jws
     000000CA  G$TR2$0$0                          jws
     000000CA  _RCAP2L                            jws
     000000CA  _T2CON_2                           jws
     000000CA  _TR2                               jws
     000000CB  G$EXEN2$0$0                        jws
     000000CB  G$RCAP2H$0$0                       jws
     000000CB  G$T2CON_3$0$0                      jws
     000000CB  _EXEN2                             jws
     000000CB  _RCAP2H                            jws
ASxxxx Linker V03.00 + NoICE + sdld,  page 7.
Hexadecimal  [32-Bits]

Area                                    Addr        Size        Decimal Bytes (Attributes)
--------------------------------        ----        ----        ------- ----- ------------
.  .ABS.                            00000000    00000000 =           0. bytes (ABS,CON)

      Value  Global                              Global Defined In Module
      -----  --------------------------------   ------------------------
     000000CB  _T2CON_3                           jws
     000000CC  G$T2CON_4$0$0                      jws
     000000CC  G$TCLK$0$0                         jws
     000000CC  G$TL2$0$0                          jws
     000000CC  _T2CON_4                           jws
     000000CC  _TCLK                              jws
     000000CC  _TL2                               jws
     000000CD  G$RCLK$0$0                         jws
     000000CD  G$T2CON_5$0$0                      jws
     000000CD  G$TH2$0$0                          jws
     000000CD  _RCLK                              jws
     000000CD  _T2CON_5                           jws
     000000CD  _TH2                               jws
     000000CE  G$EXF2$0$0                         jws
     000000CE  G$T2CON_6$0$0                      jws
     000000CE  _EXF2                              jws
     000000CE  _T2CON_6                           jws
     000000CF  G$T2CON_7$0$0                      jws
     000000CF  G$TF2$0$0                          jws
     000000CF  _T2CON_7                           jws
     000000CF  _TF2                               jws
     000000D0  G$P$0$0                            jws
     000000D0  G$PSW$0$0                          jws
     000000D0  _P                                 jws
     000000D0  _PSW                               jws
     000000D1  G$FL$0$0                           jws
     000000D1  _FL                                jws
     000000D2  G$OV$0$0                           jws
     000000D2  _OV                                jws
     000000D3  G$RS0$0$0                          jws
     000000D3  _RS0                               jws
     000000D4  G$RS1$0$0                          jws
     000000D4  _RS1                               jws
     000000D5  G$F0$0$0                           jws
     000000D5  _F0                                jws
     000000D6  G$AC$0$0                           jws
     000000D6  _AC                                jws
     000000D7  G$CY$0$0                           jws
     000000D7  _CY                                jws
     000000E0  G$A$0$0                            jws
     000000E0  G$ACC$0$0                          jws
     000000E0  _A                                 jws
     000000E0  _ACC                               jws
     000000F0  G$B$0$0                            jws
     000000F0  _B                                 jws

ASxxxx Linker V03.00 + NoICE + sdld,  page 8.
Hexadecimal  [32-Bits]

Area                                    Addr        Size        Decimal Bytes (Attributes)
--------------------------------        ----        ----        ------- ----- ------------
BSEG_BYTES                          00000020    00000001 =           1. bytes (REL,CON)

      Value  Global                              Global Defined In Module
      -----  --------------------------------   ------------------------
ASxxxx Linker V03.00 + NoICE + sdld,  page 9.
Hexadecimal  [32-Bits]

Area                                    Addr        Size        Decimal Bytes (Attributes)
--------------------------------        ----        ----        ------- ----- ------------
REG_BANK_0                          00000000    00000008 =           8. bytes (REL,OVR)

      Value  Global                              Global Defined In Module
      -----  --------------------------------   ------------------------
ASxxxx Linker V03.00 + NoICE + sdld,  page 10.
Hexadecimal  [32-Bits]

Area                                    Addr        Size        Decimal Bytes (Attributes)
--------------------------------        ----        ----        ------- ----- ------------
REG_BANK_1                          00000008    00000008 =           8. bytes (REL,OVR)

      Value  Global                              Global Defined In Module
      -----  --------------------------------   ------------------------
ASxxxx Linker V03.00 + NoICE + sdld,  page 11.
Hexadecimal  [32-Bits]

Area                                    Addr        Size        Decimal Bytes (Attributes)
--------------------------------        ----        ----        ------- ----- ------------
DSEG                                00000000    00000072 =         114. bytes (REL,CON)

      Value  Global                              Global Defined In Module
      -----  --------------------------------   ------------------------
     00000021  G$data$0$0                         jws
     00000021  _data                              jws
     00000035  G$segmen$0$0                       jws
     00000035  _segmen                            jws
     00000059  G$hidup$0$0                        jws
     00000059  _hidup                             jws
     0000005A  G$mati$0$0                         jws
     0000005A  _mati                              jws
     0000005B  G$jadwal_plus$0$0                  jws
     0000005B  _jadwal_plus                       jws
     0000005C  G$jadwal_minus$0$0                 jws
     0000005C  _jadwal_minus                      jws
     0000005D  G$data_ir$0$0                      jws
     0000005D  _data_ir                           jws
     0000005E  G$counter$0$0                      jws
     0000005E  _counter                           jws
     0000005F  Ljws.writeeprom$addr$1$71          jws
     0000005F  _writeeprom_PARM_2                 jws
     00000061  Ljws.tambah_jadwal$b$1$77          jws
     00000061  _tambah_jadwal_PARM_2              jws
     00000062  Ljws.kurang_jadwal$b$1$79          jws
     00000062  _kurang_jadwal_PARM_2              jws
     00000063  Ljws.seting$b$1$93                 jws
     00000063  _seting_PARM_2                     jws
     00000064  Ljws.seting$c$1$93                 jws
     00000064  _seting_PARM_3                     jws
     00000065  Ljws.parameter$b$1$99              jws
     00000065  _parameter_PARM_2                  jws
     00000066  Ljws.parameter$c$1$99              jws
     00000066  _parameter_PARM_3                  jws
ASxxxx Linker V03.00 + NoICE + sdld,  page 12.
Hexadecimal  [32-Bits]

Area                                    Addr        Size        Decimal Bytes (Attributes)
--------------------------------        ----        ----        ------- ----- ------------
OSEG                                00000010    00000002 =           2. bytes (REL,OVR)

      Value  Global                              Global Defined In Module
      -----  --------------------------------   ------------------------
     00000010  __divsint_PARM_2                   _divuint
     00000010  __divuint_PARM_2                   _divuint
     00000010  __modsint_PARM_2                   _moduint
     00000010  __moduint_PARM_2                   _moduint

ASxxxx Linker V03.00 + NoICE + sdld,  page 13.
Hexadecimal  [32-Bits]

Area                                    Addr        Size        Decimal Bytes (Attributes)
--------------------------------        ----        ----        ------- ----- ------------
SSEG                                00000067    00000099 =         153. bytes (REL,OVR)

      Value  Global                              Global Defined In Module
      -----  --------------------------------   ------------------------
     00000067  __start__stack                     jws

ASxxxx Linker V03.00 + NoICE + sdld,  page 14.
Hexadecimal  [32-Bits]

Area                                    Addr        Size        Decimal Bytes (Attributes)
--------------------------------        ----        ----        ------- ----- ------------
HOME                                00000000    00000019 =          25. bytes (REL,CON,CODE)

      Value  Global                              Global Defined In Module
      -----  --------------------------------   ------------------------
C:   00000000  A$jws$560                          jws
C:   00000003  A$jws$561                          jws
C:   0000000B  A$jws$563                          jws
C:   00000013  A$jws$565                          jws
C:   00000016  A$jws$587                          jws
C:   00000016  __sdcc_program_startup             jws
ASxxxx Linker V03.00 + NoICE + sdld,  page 15.
Hexadecimal  [32-Bits]

Area                                    Addr        Size        Decimal Bytes (Attributes)
--------------------------------        ----        ----        ------- ----- ------------
GSINIT0                             00000019    00000003 =           3. bytes (REL,CON,CODE)

      Value  Global                              Global Defined In Module
      -----  --------------------------------   ------------------------
C:   00000019  __sdcc_gsinit_startup              

ASxxxx Linker V03.00 + NoICE + sdld,  page 16.
Hexadecimal  [32-Bits]

Area                                    Addr        Size        Decimal Bytes (Attributes)
--------------------------------        ----        ----        ------- ----- ------------
GSINIT2                             0000001C    0000000A =          10. bytes (REL,CON,CODE)

      Value  Global                              Global Defined In Module
      -----  --------------------------------   ------------------------
ASxxxx Linker V03.00 + NoICE + sdld,  page 17.
Hexadecimal  [32-Bits]

Area                                    Addr        Size        Decimal Bytes (Attributes)
--------------------------------        ----        ----        ------- ----- ------------
GSINIT3                             00000026    00000022 =          34. bytes (REL,CON,CODE)

      Value  Global                              Global Defined In Module
      -----  --------------------------------   ------------------------
C:   00000026  __mcs51_genXINIT                   

ASxxxx Linker V03.00 + NoICE + sdld,  page 18.
Hexadecimal  [32-Bits]

Area                                    Addr        Size        Decimal Bytes (Attributes)
--------------------------------        ----        ----        ------- ----- ------------
GSINIT4                             00000048    0000002A =          42. bytes (REL,CON,CODE)

      Value  Global                              Global Defined In Module
      -----  --------------------------------   ------------------------
C:   00000048  __mcs51_genRAMCLEAR                
C:   0000004E  __mcs51_genXRAMCLEAR               

ASxxxx Linker V03.00 + NoICE + sdld,  page 19.
Hexadecimal  [32-Bits]

Area                                    Addr        Size        Decimal Bytes (Attributes)
--------------------------------        ----        ----        ------- ----- ------------
GSFINAL                             00000072    00000003 =           3. bytes (REL,CON,CODE)

      Value  Global                              Global Defined In Module
      -----  --------------------------------   ------------------------
C:   00000072  A$jws$580                          jws

ASxxxx Linker V03.00 + NoICE + sdld,  page 20.
Hexadecimal  [32-Bits]

Area                                    Addr        Size        Decimal Bytes (Attributes)
--------------------------------        ----        ----        ------- ----- ------------
CSEG                                00000075    000015B7 =        5559. bytes (REL,CON,CODE)

      Value  Global                              Global Defined In Module
      -----  --------------------------------   ------------------------
C:   00000075  A$jws$614                          jws
C:   00000075  C$delay.h$1$0$0                    jws
C:   00000075  G$delay$0$0                        jws
C:   00000075  _delay                             jws
C:   00000077  A$jws$615                          jws
C:   00000079  A$jws$619                          jws
C:   0000007A  A$jws$620                          jws
C:   0000007B  A$jws$621                          jws
C:   0000007D  A$jws$624                          jws
C:   0000007D  C$delay.h$4$1$16                   jws
C:   0000007F  A$jws$626                          jws
C:   00000081  A$jws$627                          jws
C:   00000082  A$jws$628                          jws
C:   00000083  A$jws$629                          jws
C:   00000084  A$jws$630                          jws
C:   00000086  A$jws$633                          jws
C:   00000086  C$delay.h$3$1$16                   jws
C:   00000087  A$jws$634                          jws
C:   0000008A  A$jws$635                          jws
C:   0000008B  A$jws$637                          jws
C:   0000008D  A$jws$641                          jws
C:   0000008D  C$delay.h$5$1$16                   jws
C:   0000008D  XG$delay$0$0                       jws
C:   0000008E  A$jws$654                          jws
C:   0000008E  C$i2c.h$15$1$16                    jws
C:   0000008E  C$i2c.h$19$1$18                    jws
C:   0000008E  G$I2C_delay$0$0                    jws
C:   0000008E  _I2C_delay                         jws
C:   0000008F  A$jws$658                          jws
C:   0000008F  C$i2c.h$20$1$18                    jws
C:   0000008F  XG$I2C_delay$0$0                   jws
C:   00000090  A$jws$671                          jws
C:   00000090  C$i2c.h$21$1$18                    jws
C:   00000090  C$i2c.h$22$1$20                    jws
C:   00000090  G$I2C_clock$0$0                    jws
C:   00000090  _I2C_clock                         jws
C:   00000093  A$jws$674                          jws
C:   00000093  C$i2c.h$23$1$20                    jws
C:   00000095  A$jws$677                          jws
C:   00000095  C$i2c.h$24$1$20                    jws
C:   00000098  A$jws$680                          jws
C:   00000098  C$i2c.h$25$1$20                    jws
C:   0000009A  A$jws$683                          jws
C:   0000009A  C$i2c.h$26$1$20                    jws
C:   0000009A  XG$I2C_clock$0$0                   jws
C:   0000009B  A$jws$698                          jws
C:   0000009B  C$i2c.h$27$1$20                    jws
C:   0000009B  C$i2c.h$28$1$22                    jws
C:   0000009B  C$i2c.h$29$1$22                    jws
C:   0000009B  G$I2C_start$0$0                    jws
ASxxxx Linker V03.00 + NoICE + sdld,  page 21.
Hexadecimal  [32-Bits]

Area                                    Addr        Size        Decimal Bytes (Attributes)
--------------------------------        ----        ----        ------- ----- ------------
CSEG                                00000075    000015B7 =        5559. bytes (REL,CON,CODE)

      Value  Global                              Global Defined In Module
      -----  --------------------------------   ------------------------
C:   0000009B  _I2C_start                         jws
C:   0000009E  A$jws$699                          jws
C:   000000A0  A$jws$704                          jws
C:   000000A0  C$i2c.h$30$1$22                    jws
C:   000000A2  A$jws$707                          jws
C:   000000A2  C$i2c.h$31$1$22                    jws
C:   000000A4  A$jws$710                          jws
C:   000000A4  C$i2c.h$32$1$22                    jws
C:   000000A7  A$jws$713                          jws
C:   000000A7  C$i2c.h$33$1$22                    jws
C:   000000A9  A$jws$716                          jws
C:   000000A9  C$i2c.h$34$1$22                    jws
C:   000000AC  A$jws$719                          jws
C:   000000AC  C$i2c.h$35$1$22                    jws
C:   000000AE  A$jws$722                          jws
C:   000000AE  C$i2c.h$36$1$22                    jws
C:   000000AE  XG$I2C_start$0$0                   jws
C:   000000AF  A$jws$737                          jws
C:   000000AF  C$i2c.h$37$1$22                    jws
C:   000000AF  C$i2c.h$38$1$24                    jws
C:   000000AF  C$i2c.h$39$1$24                    jws
C:   000000AF  G$I2C_stop$0$0                     jws
C:   000000AF  _I2C_stop                          jws
C:   000000B2  A$jws$738                          jws
C:   000000B4  A$jws$743                          jws
C:   000000B4  C$i2c.h$40$1$24                    jws
C:   000000B6  A$jws$746                          jws
C:   000000B6  C$i2c.h$41$1$24                    jws
C:   000000B9  A$jws$749                          jws
C:   000000B9  C$i2c.h$42$1$24                    jws
C:   000000BB  A$jws$752                          jws
C:   000000BB  C$i2c.h$43$1$24                    jws
C:   000000BE  A$jws$755                          jws
C:   000000BE  C$i2c.h$44$1$24                    jws
C:   000000C0  A$jws$758                          jws
C:   000000C0  C$i2c.h$45$1$24                    jws
C:   000000C0  XG$I2C_stop$0$0                    jws
C:   000000C1  A$jws$772                          jws
C:   000000C1  C$i2c.h$46$1$24                    jws
C:   000000C1  G$I2C_write$0$0                    jws
C:   000000C1  _I2C_write                         jws
C:   000000C3  A$jws$775                          jws
C:   000000C5  A$jws$779                          jws
C:   000000C5  C$i2c.h$51$2$27                    jws
C:   000000C6  A$jws$780                          jws
C:   000000C7  A$jws$781                          jws
C:   000000C9  A$jws$784                          jws
C:   000000C9  C$i2c.h$53$2$27                    jws
C:   000000CB  A$jws$785                          jws
C:   000000CD  A$jws$786                          jws
C:   000000D0  A$jws$787                          jws
ASxxxx Linker V03.00 + NoICE + sdld,  page 22.
Hexadecimal  [32-Bits]

Area                                    Addr        Size        Decimal Bytes (Attributes)
--------------------------------        ----        ----        ------- ----- ------------
CSEG                                00000075    000015B7 =        5559. bytes (REL,CON,CODE)

      Value  Global                              Global Defined In Module
      -----  --------------------------------   ------------------------
C:   000000D2  A$jws$788                          jws
C:   000000D4  A$jws$791                          jws
C:   000000D4  C$i2c.h$54$2$27                    jws
C:   000000D5  A$jws$792                          jws
C:   000000D6  A$jws$793                          jws
C:   000000D7  A$jws$796                          jws
C:   000000D7  C$i2c.h$49$1$26                    jws
C:   000000D8  A$jws$797                          jws
C:   000000DB  A$jws$799                          jws
C:   000000DD  A$jws$802                          jws
C:   000000DD  C$i2c.h$56$1$26                    jws
C:   000000DF  A$jws$805                          jws
C:   000000DF  C$i2c.h$57$1$26                    jws
C:   000000E2  A$jws$808                          jws
C:   000000E2  C$i2c.h$58$1$26                    jws
C:   000000E4  A$jws$811                          jws
C:   000000E4  C$i2c.h$59$1$26                    jws
C:   000000E7  A$jws$814                          jws
C:   000000E7  C$i2c.h$60$1$26                    jws
C:   000000E9  A$jws$817                          jws
C:   000000E9  C$i2c.h$61$1$26                    jws
C:   000000EB  A$jws$820                          jws
C:   000000EB  C$i2c.h$62$1$26                    jws
C:   000000EE  A$jws$823                          jws
C:   000000EE  C$i2c.h$63$1$26                    jws
C:   000000EE  XG$I2C_write$0$0                   jws
C:   000000EF  A$jws$839                          jws
C:   000000EF  C$i2c.h$64$1$26                    jws
C:   000000EF  C$i2c.h$67$1$29                    jws
C:   000000EF  G$I2C_read$0$0                     jws
C:   000000EF  _I2C_read                          jws
C:   000000F1  A$jws$842                          jws
C:   000000F3  A$jws$846                          jws
C:   000000F3  C$i2c.h$70$2$30                    jws
C:   000000F5  A$jws$847                          jws
C:   000000F7  A$jws$848                          jws
C:   000000FA  A$jws$851                          jws
C:   000000FA  C$i2c.h$71$2$30                    jws
C:   000000FC  A$jws$854                          jws
C:   000000FC  C$i2c.h$72$2$30                    jws
C:   000000FF  A$jws$855                          jws
C:   00000101  A$jws$856                          jws
C:   00000103  A$jws$859                          jws
C:   00000103  C$i2c.h$73$2$30                    jws
C:   00000105  A$jws$860                          jws
C:   00000107  A$jws$863                          jws
C:   00000107  C$i2c.h$74$2$30                    jws
C:   00000108  A$jws$864                          jws
C:   00000109  A$jws$867                          jws
C:   00000109  C$i2c.h$75$2$30                    jws
C:   0000010A  A$jws$868                          jws
ASxxxx Linker V03.00 + NoICE + sdld,  page 23.
Hexadecimal  [32-Bits]

Area                                    Addr        Size        Decimal Bytes (Attributes)
--------------------------------        ----        ----        ------- ----- ------------
CSEG                                00000075    000015B7 =        5559. bytes (REL,CON,CODE)

      Value  Global                              Global Defined In Module
      -----  --------------------------------   ------------------------
C:   0000010C  A$jws$869                          jws
C:   0000010D  A$jws$870                          jws
C:   0000010E  A$jws$871                          jws
C:   0000010F  A$jws$872                          jws
C:   00000110  A$jws$873                          jws
C:   00000111  A$jws$876                          jws
C:   00000111  C$i2c.h$76$2$30                    jws
C:   00000113  A$jws$879                          jws
C:   00000113  C$i2c.h$68$1$29                    jws
C:   00000114  A$jws$880                          jws
C:   00000117  A$jws$882                          jws
C:   00000119  A$jws$885                          jws
C:   00000119  C$i2c.h$78$1$29                    jws
C:   0000011B  A$jws$888                          jws
C:   0000011B  C$i2c.h$79$1$29                    jws
C:   0000011B  XG$I2C_read$0$0                    jws
C:   0000011C  A$jws$901                          jws
C:   0000011C  C$i2c.h$80$1$29                    jws
C:   0000011C  C$i2c.h$82$1$31                    jws
C:   0000011C  G$I2C_ack$0$0                      jws
C:   0000011C  _I2C_ack                           jws
C:   0000011E  A$jws$904                          jws
C:   0000011E  C$i2c.h$83$1$31                    jws
C:   00000121  A$jws$907                          jws
C:   00000121  C$i2c.h$84$1$31                    jws
C:   00000124  A$jws$910                          jws
C:   00000124  C$i2c.h$85$1$31                    jws
C:   00000126  A$jws$913                          jws
C:   00000126  C$i2c.h$86$1$31                    jws
C:   00000126  XG$I2C_ack$0$0                     jws
C:   00000127  A$jws$926                          jws
C:   00000127  C$i2c.h$87$1$31                    jws
C:   00000127  C$i2c.h$89$1$32                    jws
C:   00000127  G$I2C_nack$0$0                     jws
C:   00000127  _I2C_nack                          jws
C:   00000129  A$jws$929                          jws
C:   00000129  C$i2c.h$90$1$32                    jws
C:   0000012C  A$jws$932                          jws
C:   0000012C  C$i2c.h$91$1$32                    jws
C:   0000012F  A$jws$935                          jws
C:   0000012F  C$i2c.h$92$1$32                    jws
C:   00000131  A$jws$938                          jws
C:   00000131  C$i2c.h$93$1$32                    jws
C:   00000131  XG$I2C_nack$0$0                    jws
C:   00000132  A$jws$951                          jws
C:   00000132  C$hari.h$3$1$32                    jws
C:   00000132  G$tampil_hari$0$0                  jws
C:   00000132  _tampil_hari                       jws
C:   00000134  A$jws$954                          jws
C:   00000134  C$hari.h$16$1$34                   jws
C:   00000137  A$jws$957                          jws
ASxxxx Linker V03.00 + NoICE + sdld,  page 24.
Hexadecimal  [32-Bits]

Area                                    Addr        Size        Decimal Bytes (Attributes)
--------------------------------        ----        ----        ------- ----- ------------
CSEG                                00000075    000015B7 =        5559. bytes (REL,CON,CODE)

      Value  Global                              Global Defined In Module
      -----  --------------------------------   ------------------------
C:   00000137  C$hari.h$17$2$35                   jws
C:   0000013A  A$jws$960                          jws
C:   0000013A  C$hari.h$18$2$35                   jws
C:   0000013D  A$jws$963                          jws
C:   0000013D  C$hari.h$19$2$35                   jws
C:   00000140  A$jws$966                          jws
C:   00000140  C$hari.h$20$2$35                   jws
C:   00000143  A$jws$969                          jws
C:   00000143  C$hari.h$21$2$35                   jws
C:   00000146  A$jws$972                          jws
C:   00000146  C$hari.h$22$2$35                   jws
C:   00000149  A$jws$975                          jws
C:   00000149  C$hari.h$23$2$35                   jws
C:   0000014C  A$jws$978                          jws
C:   0000014C  C$hari.h$24$2$35                   jws
C:   0000014F  A$jws$979                          jws
C:   00000152  A$jws$983                          jws
C:   00000152  C$hari.h$27$1$34                   jws
C:   00000155  A$jws$986                          jws
C:   00000155  C$hari.h$28$2$36                   jws
C:   00000158  A$jws$989                          jws
C:   00000158  C$hari.h$29$2$36                   jws
C:   0000015B  A$jws$992                          jws
C:   0000015B  C$hari.h$30$2$36                   jws
C:   0000015E  A$jws$995                          jws
C:   0000015E  C$hari.h$31$2$36                   jws
C:   00000161  A$jws$998                          jws
C:   00000161  C$hari.h$32$2$36                   jws
C:   00000164  A$jws$1001                         jws
C:   00000164  C$hari.h$33$2$36                   jws
C:   00000167  A$jws$1004                         jws
C:   00000167  C$hari.h$34$2$36                   jws
C:   0000016A  A$jws$1007                         jws
C:   0000016A  C$hari.h$35$2$36                   jws
C:   0000016D  A$jws$1008                         jws
C:   00000170  A$jws$1012                         jws
C:   00000170  C$hari.h$38$1$34                   jws
C:   00000173  A$jws$1015                         jws
C:   00000173  C$hari.h$39$2$37                   jws
C:   00000176  A$jws$1018                         jws
C:   00000176  C$hari.h$40$2$37                   jws
C:   00000179  A$jws$1021                         jws
C:   00000179  C$hari.h$41$2$37                   jws
C:   0000017C  A$jws$1024                         jws
C:   0000017C  C$hari.h$42$2$37                   jws
C:   0000017F  A$jws$1027                         jws
C:   0000017F  C$hari.h$43$2$37                   jws
C:   00000182  A$jws$1030                         jws
C:   00000182  C$hari.h$44$2$37                   jws
C:   00000185  A$jws$1033                         jws
C:   00000185  C$hari.h$45$2$37                   jws
ASxxxx Linker V03.00 + NoICE + sdld,  page 25.
Hexadecimal  [32-Bits]

Area                                    Addr        Size        Decimal Bytes (Attributes)
--------------------------------        ----        ----        ------- ----- ------------
CSEG                                00000075    000015B7 =        5559. bytes (REL,CON,CODE)

      Value  Global                              Global Defined In Module
      -----  --------------------------------   ------------------------
C:   00000188  A$jws$1036                         jws
C:   00000188  C$hari.h$46$2$37                   jws
C:   0000018B  A$jws$1037                         jws
C:   0000018E  A$jws$1041                         jws
C:   0000018E  C$hari.h$49$1$34                   jws
C:   00000191  A$jws$1044                         jws
C:   00000191  C$hari.h$50$2$38                   jws
C:   00000194  A$jws$1047                         jws
C:   00000194  C$hari.h$51$2$38                   jws
C:   00000197  A$jws$1050                         jws
C:   00000197  C$hari.h$52$2$38                   jws
C:   0000019A  A$jws$1053                         jws
C:   0000019A  C$hari.h$53$2$38                   jws
C:   0000019D  A$jws$1056                         jws
C:   0000019D  C$hari.h$54$2$38                   jws
C:   000001A0  A$jws$1059                         jws
C:   000001A0  C$hari.h$55$2$38                   jws
C:   000001A3  A$jws$1062                         jws
C:   000001A3  C$hari.h$56$2$38                   jws
C:   000001A6  A$jws$1065                         jws
C:   000001A6  C$hari.h$57$2$38                   jws
C:   000001A9  A$jws$1066                         jws
C:   000001AC  A$jws$1070                         jws
C:   000001AC  C$hari.h$60$1$34                   jws
C:   000001AF  A$jws$1073                         jws
C:   000001AF  C$hari.h$61$2$39                   jws
C:   000001B2  A$jws$1076                         jws
C:   000001B2  C$hari.h$62$2$39                   jws
C:   000001B5  A$jws$1079                         jws
C:   000001B5  C$hari.h$63$2$39                   jws
C:   000001B8  A$jws$1082                         jws
C:   000001B8  C$hari.h$64$2$39                   jws
C:   000001BB  A$jws$1085                         jws
C:   000001BB  C$hari.h$65$2$39                   jws
C:   000001BE  A$jws$1088                         jws
C:   000001BE  C$hari.h$66$2$39                   jws
C:   000001C1  A$jws$1091                         jws
C:   000001C1  C$hari.h$67$2$39                   jws
C:   000001C4  A$jws$1094                         jws
C:   000001C4  C$hari.h$68$2$39                   jws
C:   000001C7  A$jws$1095                         jws
C:   000001CA  A$jws$1099                         jws
C:   000001CA  C$hari.h$71$1$34                   jws
C:   000001CD  A$jws$1102                         jws
C:   000001CD  C$hari.h$72$2$40                   jws
C:   000001D0  A$jws$1105                         jws
C:   000001D0  C$hari.h$73$2$40                   jws
C:   000001D3  A$jws$1108                         jws
C:   000001D3  C$hari.h$74$2$40                   jws
C:   000001D6  A$jws$1111                         jws
C:   000001D6  C$hari.h$75$2$40                   jws
ASxxxx Linker V03.00 + NoICE + sdld,  page 26.
Hexadecimal  [32-Bits]

Area                                    Addr        Size        Decimal Bytes (Attributes)
--------------------------------        ----        ----        ------- ----- ------------
CSEG                                00000075    000015B7 =        5559. bytes (REL,CON,CODE)

      Value  Global                              Global Defined In Module
      -----  --------------------------------   ------------------------
C:   000001D9  A$jws$1114                         jws
C:   000001D9  C$hari.h$76$2$40                   jws
C:   000001DC  A$jws$1117                         jws
C:   000001DC  C$hari.h$77$2$40                   jws
C:   000001DF  A$jws$1120                         jws
C:   000001DF  C$hari.h$78$2$40                   jws
C:   000001E2  A$jws$1123                         jws
C:   000001E2  C$hari.h$79$2$40                   jws
C:   000001E5  A$jws$1124                         jws
C:   000001E8  A$jws$1128                         jws
C:   000001E8  C$hari.h$82$1$34                   jws
C:   000001EB  A$jws$1131                         jws
C:   000001EB  C$hari.h$83$2$41                   jws
C:   000001EE  A$jws$1134                         jws
C:   000001EE  C$hari.h$84$2$41                   jws
C:   000001F1  A$jws$1137                         jws
C:   000001F1  C$hari.h$85$2$41                   jws
C:   000001F4  A$jws$1140                         jws
C:   000001F4  C$hari.h$86$2$41                   jws
C:   000001F7  A$jws$1143                         jws
C:   000001F7  C$hari.h$87$2$41                   jws
C:   000001FA  A$jws$1146                         jws
C:   000001FA  C$hari.h$88$2$41                   jws
C:   000001FD  A$jws$1149                         jws
C:   000001FD  C$hari.h$89$2$41                   jws
C:   00000200  A$jws$1152                         jws
C:   00000200  C$hari.h$90$2$41                   jws
C:   00000203  A$jws$1153                         jws
C:   00000206  A$jws$1157                         jws
C:   00000206  C$hari.h$93$1$34                   jws
C:   00000209  A$jws$1160                         jws
C:   00000209  C$hari.h$94$2$42                   jws
C:   0000020C  A$jws$1163                         jws
C:   0000020C  C$hari.h$95$2$42                   jws
C:   0000020F  A$jws$1166                         jws
C:   0000020F  C$hari.h$96$2$42                   jws
C:   00000212  A$jws$1169                         jws
C:   00000212  C$hari.h$97$2$42                   jws
C:   00000215  A$jws$1172                         jws
C:   00000215  C$hari.h$98$2$42                   jws
C:   00000218  A$jws$1175                         jws
C:   00000218  C$hari.h$99$2$42                   jws
C:   0000021B  A$jws$1178                         jws
C:   0000021B  C$hari.h$100$2$42                  jws
C:   0000021E  A$jws$1181                         jws
C:   0000021E  C$hari.h$101$2$42                  jws
C:   00000221  A$jws$1182                         jws
C:   00000224  A$jws$1186                         jws
C:   00000224  C$hari.h$104$1$34                  jws
C:   00000227  A$jws$1189                         jws
C:   00000227  C$hari.h$105$2$43                  jws
ASxxxx Linker V03.00 + NoICE + sdld,  page 27.
Hexadecimal  [32-Bits]

Area                                    Addr        Size        Decimal Bytes (Attributes)
--------------------------------        ----        ----        ------- ----- ------------
CSEG                                00000075    000015B7 =        5559. bytes (REL,CON,CODE)

      Value  Global                              Global Defined In Module
      -----  --------------------------------   ------------------------
C:   0000022A  A$jws$1192                         jws
C:   0000022A  C$hari.h$106$2$43                  jws
C:   0000022D  A$jws$1195                         jws
C:   0000022D  C$hari.h$107$2$43                  jws
C:   00000230  A$jws$1198                         jws
C:   00000230  C$hari.h$108$2$43                  jws
C:   00000233  A$jws$1201                         jws
C:   00000233  C$hari.h$109$2$43                  jws
C:   00000236  A$jws$1204                         jws
C:   00000236  C$hari.h$110$2$43                  jws
C:   00000239  A$jws$1207                         jws
C:   00000239  C$hari.h$111$2$43                  jws
C:   0000023C  A$jws$1210                         jws
C:   0000023C  C$hari.h$112$2$43                  jws
C:   0000023F  A$jws$1211                         jws
C:   00000242  A$jws$1215                         jws
C:   00000242  C$hari.h$115$1$34                  jws
C:   00000245  A$jws$1218                         jws
C:   00000245  C$hari.h$116$2$44                  jws
C:   00000248  A$jws$1221                         jws
C:   00000248  C$hari.h$117$2$44                  jws
C:   0000024B  A$jws$1224                         jws
C:   0000024B  C$hari.h$118$2$44                  jws
C:   0000024E  A$jws$1227                         jws
C:   0000024E  C$hari.h$119$2$44                  jws
C:   00000251  A$jws$1230                         jws
C:   00000251  C$hari.h$120$2$44                  jws
C:   00000254  A$jws$1233                         jws
C:   00000254  C$hari.h$121$2$44                  jws
C:   00000257  A$jws$1236                         jws
C:   00000257  C$hari.h$122$2$44                  jws
C:   0000025A  A$jws$1239                         jws
C:   0000025A  C$hari.h$123$2$44                  jws
C:   0000025D  A$jws$1240                         jws
C:   00000260  A$jws$1244                         jws
C:   00000260  C$hari.h$126$1$34                  jws
C:   00000263  A$jws$1247                         jws
C:   00000263  C$hari.h$127$2$45                  jws
C:   00000266  A$jws$1250                         jws
C:   00000266  C$hari.h$128$2$45                  jws
C:   00000269  A$jws$1253                         jws
C:   00000269  C$hari.h$129$2$45                  jws
C:   0000026C  A$jws$1256                         jws
C:   0000026C  C$hari.h$130$2$45                  jws
C:   0000026F  A$jws$1259                         jws
C:   0000026F  C$hari.h$131$2$45                  jws
C:   00000272  A$jws$1262                         jws
C:   00000272  C$hari.h$132$2$45                  jws
C:   00000275  A$jws$1265                         jws
C:   00000275  C$hari.h$133$2$45                  jws
C:   00000278  A$jws$1268                         jws
ASxxxx Linker V03.00 + NoICE + sdld,  page 28.
Hexadecimal  [32-Bits]

Area                                    Addr        Size        Decimal Bytes (Attributes)
--------------------------------        ----        ----        ------- ----- ------------
CSEG                                00000075    000015B7 =        5559. bytes (REL,CON,CODE)

      Value  Global                              Global Defined In Module
      -----  --------------------------------   ------------------------
C:   00000278  C$hari.h$134$2$45                  jws
C:   0000027B  A$jws$1269                         jws
C:   0000027E  A$jws$1273                         jws
C:   0000027E  C$hari.h$137$1$34                  jws
C:   00000281  A$jws$1276                         jws
C:   00000281  C$hari.h$138$2$46                  jws
C:   00000284  A$jws$1279                         jws
C:   00000284  C$hari.h$139$2$46                  jws
C:   00000287  A$jws$1282                         jws
C:   00000287  C$hari.h$140$2$46                  jws
C:   0000028A  A$jws$1285                         jws
C:   0000028A  C$hari.h$141$2$46                  jws
C:   0000028D  A$jws$1288                         jws
C:   0000028D  C$hari.h$142$2$46                  jws
C:   00000290  A$jws$1291                         jws
C:   00000290  C$hari.h$143$2$46                  jws
C:   00000293  A$jws$1294                         jws
C:   00000293  C$hari.h$144$2$46                  jws
C:   00000296  A$jws$1297                         jws
C:   00000296  C$hari.h$145$2$46                  jws
C:   00000299  A$jws$1298                         jws
C:   0000029C  A$jws$1302                         jws
C:   0000029C  C$hari.h$148$1$34                  jws
C:   0000029F  A$jws$1305                         jws
C:   0000029F  C$hari.h$149$2$47                  jws
C:   000002A2  A$jws$1308                         jws
C:   000002A2  C$hari.h$150$2$47                  jws
C:   000002A5  A$jws$1311                         jws
C:   000002A5  C$hari.h$151$2$47                  jws
C:   000002A8  A$jws$1314                         jws
C:   000002A8  C$hari.h$152$2$47                  jws
C:   000002AB  A$jws$1317                         jws
C:   000002AB  C$hari.h$153$2$47                  jws
C:   000002AE  A$jws$1320                         jws
C:   000002AE  C$hari.h$154$2$47                  jws
C:   000002B1  A$jws$1323                         jws
C:   000002B1  C$hari.h$155$2$47                  jws
C:   000002B4  A$jws$1326                         jws
C:   000002B4  C$hari.h$156$2$47                  jws
C:   000002B7  A$jws$1327                         jws
C:   000002BA  A$jws$1331                         jws
C:   000002BA  C$hari.h$159$1$34                  jws
C:   000002BD  A$jws$1334                         jws
C:   000002BD  C$hari.h$160$2$48                  jws
C:   000002C0  A$jws$1337                         jws
C:   000002C0  C$hari.h$161$2$48                  jws
C:   000002C3  A$jws$1340                         jws
C:   000002C3  C$hari.h$162$2$48                  jws
C:   000002C6  A$jws$1343                         jws
C:   000002C6  C$hari.h$163$2$48                  jws
C:   000002C9  A$jws$1346                         jws
ASxxxx Linker V03.00 + NoICE + sdld,  page 29.
Hexadecimal  [32-Bits]

Area                                    Addr        Size        Decimal Bytes (Attributes)
--------------------------------        ----        ----        ------- ----- ------------
CSEG                                00000075    000015B7 =        5559. bytes (REL,CON,CODE)

      Value  Global                              Global Defined In Module
      -----  --------------------------------   ------------------------
C:   000002C9  C$hari.h$164$2$48                  jws
C:   000002CC  A$jws$1349                         jws
C:   000002CC  C$hari.h$165$2$48                  jws
C:   000002CF  A$jws$1352                         jws
C:   000002CF  C$hari.h$166$2$48                  jws
C:   000002D2  A$jws$1355                         jws
C:   000002D2  C$hari.h$167$2$48                  jws
C:   000002D5  A$jws$1356                         jws
C:   000002D8  A$jws$1360                         jws
C:   000002D8  C$hari.h$170$1$34                  jws
C:   000002DB  A$jws$1363                         jws
C:   000002DB  C$hari.h$171$2$49                  jws
C:   000002DE  A$jws$1366                         jws
C:   000002DE  C$hari.h$172$2$49                  jws
C:   000002E1  A$jws$1369                         jws
C:   000002E1  C$hari.h$173$2$49                  jws
C:   000002E4  A$jws$1372                         jws
C:   000002E4  C$hari.h$174$2$49                  jws
C:   000002E7  A$jws$1375                         jws
C:   000002E7  C$hari.h$175$2$49                  jws
C:   000002EA  A$jws$1378                         jws
C:   000002EA  C$hari.h$176$2$49                  jws
C:   000002ED  A$jws$1381                         jws
C:   000002ED  C$hari.h$177$2$49                  jws
C:   000002F0  A$jws$1384                         jws
C:   000002F0  C$hari.h$178$2$49                  jws
C:   000002F3  A$jws$1385                         jws
C:   000002F6  A$jws$1389                         jws
C:   000002F6  C$hari.h$181$1$34                  jws
C:   000002F9  A$jws$1392                         jws
C:   000002F9  C$hari.h$182$2$50                  jws
C:   000002FC  A$jws$1395                         jws
C:   000002FC  C$hari.h$183$2$50                  jws
C:   000002FF  A$jws$1398                         jws
C:   000002FF  C$hari.h$184$2$50                  jws
C:   00000302  A$jws$1401                         jws
C:   00000302  C$hari.h$185$2$50                  jws
C:   00000305  A$jws$1404                         jws
C:   00000305  C$hari.h$186$2$50                  jws
C:   00000308  A$jws$1407                         jws
C:   00000308  C$hari.h$187$2$50                  jws
C:   0000030B  A$jws$1410                         jws
C:   0000030B  C$hari.h$188$2$50                  jws
C:   0000030E  A$jws$1413                         jws
C:   0000030E  C$hari.h$189$2$50                  jws
C:   00000311  A$jws$1414                         jws
C:   00000314  A$jws$1418                         jws
C:   00000314  C$hari.h$192$1$34                  jws
C:   00000317  A$jws$1421                         jws
C:   00000317  C$hari.h$193$2$51                  jws
C:   0000031A  A$jws$1424                         jws
ASxxxx Linker V03.00 + NoICE + sdld,  page 30.
Hexadecimal  [32-Bits]

Area                                    Addr        Size        Decimal Bytes (Attributes)
--------------------------------        ----        ----        ------- ----- ------------
CSEG                                00000075    000015B7 =        5559. bytes (REL,CON,CODE)

      Value  Global                              Global Defined In Module
      -----  --------------------------------   ------------------------
C:   0000031A  C$hari.h$194$2$51                  jws
C:   0000031D  A$jws$1427                         jws
C:   0000031D  C$hari.h$195$2$51                  jws
C:   00000320  A$jws$1430                         jws
C:   00000320  C$hari.h$196$2$51                  jws
C:   00000323  A$jws$1433                         jws
C:   00000323  C$hari.h$197$2$51                  jws
C:   00000326  A$jws$1436                         jws
C:   00000326  C$hari.h$198$2$51                  jws
C:   00000329  A$jws$1439                         jws
C:   00000329  C$hari.h$199$2$51                  jws
C:   0000032C  A$jws$1442                         jws
C:   0000032C  C$hari.h$200$2$51                  jws
C:   0000032F  A$jws$1443                         jws
C:   00000332  A$jws$1447                         jws
C:   00000332  C$hari.h$203$1$34                  jws
C:   00000335  A$jws$1450                         jws
C:   00000335  C$hari.h$204$2$52                  jws
C:   00000338  A$jws$1453                         jws
C:   00000338  C$hari.h$205$2$52                  jws
C:   0000033B  A$jws$1456                         jws
C:   0000033B  C$hari.h$206$2$52                  jws
C:   0000033E  A$jws$1459                         jws
C:   0000033E  C$hari.h$207$2$52                  jws
C:   00000341  A$jws$1462                         jws
C:   00000341  C$hari.h$208$2$52                  jws
C:   00000344  A$jws$1465                         jws
C:   00000344  C$hari.h$209$2$52                  jws
C:   00000347  A$jws$1468                         jws
C:   00000347  C$hari.h$210$2$52                  jws
C:   0000034A  A$jws$1471                         jws
C:   0000034A  C$hari.h$211$2$52                  jws
C:   0000034D  A$jws$1472                         jws
C:   0000034F  A$jws$1476                         jws
C:   0000034F  C$hari.h$215$1$34                  jws
C:   00000352  A$jws$1479                         jws
C:   00000352  C$hari.h$216$2$53                  jws
C:   00000355  A$jws$1482                         jws
C:   00000355  C$hari.h$217$2$53                  jws
C:   00000358  A$jws$1485                         jws
C:   00000358  C$hari.h$218$2$53                  jws
C:   0000035B  A$jws$1488                         jws
C:   0000035B  C$hari.h$219$2$53                  jws
C:   0000035E  A$jws$1491                         jws
C:   0000035E  C$hari.h$220$2$53                  jws
C:   00000361  A$jws$1494                         jws
C:   00000361  C$hari.h$221$2$53                  jws
C:   00000364  A$jws$1497                         jws
C:   00000364  C$hari.h$222$2$53                  jws
C:   00000367  A$jws$1500                         jws
C:   00000367  C$hari.h$223$2$53                  jws
ASxxxx Linker V03.00 + NoICE + sdld,  page 31.
Hexadecimal  [32-Bits]

Area                                    Addr        Size        Decimal Bytes (Attributes)
--------------------------------        ----        ----        ------- ----- ------------
CSEG                                00000075    000015B7 =        5559. bytes (REL,CON,CODE)

      Value  Global                              Global Defined In Module
      -----  --------------------------------   ------------------------
C:   0000036A  A$jws$1501                         jws
C:   0000036C  A$jws$1505                         jws
C:   0000036C  C$hari.h$227$1$34                  jws
C:   0000036F  A$jws$1508                         jws
C:   0000036F  C$hari.h$228$2$54                  jws
C:   00000372  A$jws$1511                         jws
C:   00000372  C$hari.h$229$2$54                  jws
C:   00000375  A$jws$1514                         jws
C:   00000375  C$hari.h$230$2$54                  jws
C:   00000378  A$jws$1517                         jws
C:   00000378  C$hari.h$231$2$54                  jws
C:   0000037B  A$jws$1520                         jws
C:   0000037B  C$hari.h$232$2$54                  jws
C:   0000037E  A$jws$1523                         jws
C:   0000037E  C$hari.h$233$2$54                  jws
C:   00000381  A$jws$1526                         jws
C:   00000381  C$hari.h$234$2$54                  jws
C:   00000384  A$jws$1529                         jws
C:   00000384  C$hari.h$235$2$54                  jws
C:   00000387  A$jws$1530                         jws
C:   00000389  A$jws$1534                         jws
C:   00000389  C$hari.h$238$1$34                  jws
C:   0000038C  A$jws$1537                         jws
C:   0000038C  C$hari.h$239$2$55                  jws
C:   0000038F  A$jws$1540                         jws
C:   0000038F  C$hari.h$240$2$55                  jws
C:   00000392  A$jws$1543                         jws
C:   00000392  C$hari.h$241$2$55                  jws
C:   00000395  A$jws$1546                         jws
C:   00000395  C$hari.h$242$2$55                  jws
C:   00000398  A$jws$1549                         jws
C:   00000398  C$hari.h$243$2$55                  jws
C:   0000039B  A$jws$1552                         jws
C:   0000039B  C$hari.h$244$2$55                  jws
C:   0000039E  A$jws$1555                         jws
C:   0000039E  C$hari.h$245$2$55                  jws
C:   000003A1  A$jws$1558                         jws
C:   000003A1  C$hari.h$246$2$55                  jws
C:   000003A4  A$jws$1562                         jws
C:   000003A4  C$hari.h$248$1$34                  jws
C:   000003A4  XG$tampil_hari$0$0                 jws
C:   000003A5  A$jws$1576                         jws
C:   000003A5  C$jws.c$8$1$34                     jws
C:   000003A5  G$shiftout_jam$0$0                 jws
C:   000003A5  _shiftout_jam                      jws
C:   000003A7  A$jws$1579                         jws
C:   000003A7  C$jws.c$10$1$57                    jws
C:   000003A9  A$jws$1582                         jws
C:   000003AB  A$jws$1586                         jws
C:   000003AB  C$jws.c$12$2$58                    jws
C:   000003AE  A$jws$1588                         jws
ASxxxx Linker V03.00 + NoICE + sdld,  page 32.
Hexadecimal  [32-Bits]

Area                                    Addr        Size        Decimal Bytes (Attributes)
--------------------------------        ----        ----        ------- ----- ------------
CSEG                                00000075    000015B7 =        5559. bytes (REL,CON,CODE)

      Value  Global                              Global Defined In Module
      -----  --------------------------------   ------------------------
C:   000003B0  A$jws$1589                         jws
C:   000003B2  A$jws$1590                         jws
C:   000003B4  A$jws$1594                         jws
C:   000003B4  C$jws.c$13$2$58                    jws
C:   000003B6  A$jws$1598                         jws
C:   000003B6  C$jws.c$14$2$58                    jws
C:   000003B7  A$jws$1599                         jws
C:   000003B8  A$jws$1600                         jws
C:   000003B9  A$jws$1603                         jws
C:   000003B9  C$jws.c$15$2$58                    jws
C:   000003BB  A$jws$1606                         jws
C:   000003BB  C$jws.c$16$2$58                    jws
C:   000003BD  A$jws$1609                         jws
C:   000003BD  C$jws.c$11$1$57                    jws
C:   000003BE  A$jws$1610                         jws
C:   000003C1  A$jws$1612                         jws
C:   000003C3  A$jws$1615                         jws
C:   000003C3  C$jws.c$18$1$57                    jws
C:   000003C3  XG$shiftout_jam$0$0                jws
C:   000003C4  A$jws$1629                         jws
C:   000003C4  C$jws.c$19$1$57                    jws
C:   000003C4  G$shiftout_tanggal$0$0             jws
C:   000003C4  _shiftout_tanggal                  jws
C:   000003C6  A$jws$1632                         jws
C:   000003C6  C$jws.c$21$1$60                    jws
C:   000003C8  A$jws$1635                         jws
C:   000003CA  A$jws$1639                         jws
C:   000003CA  C$jws.c$23$2$61                    jws
C:   000003CD  A$jws$1641                         jws
C:   000003CF  A$jws$1642                         jws
C:   000003D1  A$jws$1643                         jws
C:   000003D3  A$jws$1647                         jws
C:   000003D3  C$jws.c$24$2$61                    jws
C:   000003D5  A$jws$1651                         jws
C:   000003D5  C$jws.c$25$2$61                    jws
C:   000003D6  A$jws$1652                         jws
C:   000003D7  A$jws$1653                         jws
C:   000003D8  A$jws$1656                         jws
C:   000003D8  C$jws.c$26$2$61                    jws
C:   000003DA  A$jws$1659                         jws
C:   000003DA  C$jws.c$27$2$61                    jws
C:   000003DC  A$jws$1662                         jws
C:   000003DC  C$jws.c$22$1$60                    jws
C:   000003DD  A$jws$1663                         jws
C:   000003E0  A$jws$1665                         jws
C:   000003E2  A$jws$1668                         jws
C:   000003E2  C$jws.c$29$1$60                    jws
C:   000003E2  XG$shiftout_tanggal$0$0            jws
C:   000003E3  A$jws$1682                         jws
C:   000003E3  C$jws.c$31$1$60                    jws
C:   000003E3  G$shiftout_jadwal$0$0              jws
ASxxxx Linker V03.00 + NoICE + sdld,  page 33.
Hexadecimal  [32-Bits]

Area                                    Addr        Size        Decimal Bytes (Attributes)
--------------------------------        ----        ----        ------- ----- ------------
CSEG                                00000075    000015B7 =        5559. bytes (REL,CON,CODE)

      Value  Global                              Global Defined In Module
      -----  --------------------------------   ------------------------
C:   000003E3  _shiftout_jadwal                   jws
C:   000003E5  A$jws$1685                         jws
C:   000003E5  C$jws.c$33$1$63                    jws
C:   000003E7  A$jws$1688                         jws
C:   000003E9  A$jws$1692                         jws
C:   000003E9  C$jws.c$35$2$64                    jws
C:   000003EC  A$jws$1694                         jws
C:   000003EE  A$jws$1695                         jws
C:   000003F0  A$jws$1696                         jws
C:   000003F2  A$jws$1700                         jws
C:   000003F2  C$jws.c$36$2$64                    jws
C:   000003F4  A$jws$1704                         jws
C:   000003F4  C$jws.c$37$2$64                    jws
C:   000003F5  A$jws$1705                         jws
C:   000003F6  A$jws$1706                         jws
C:   000003F7  A$jws$1709                         jws
C:   000003F7  C$jws.c$38$2$64                    jws
C:   000003F9  A$jws$1712                         jws
C:   000003F9  C$jws.c$39$2$64                    jws
C:   000003FB  A$jws$1715                         jws
C:   000003FB  C$jws.c$34$1$63                    jws
C:   000003FC  A$jws$1716                         jws
C:   000003FF  A$jws$1718                         jws
C:   00000401  A$jws$1721                         jws
C:   00000401  C$jws.c$41$1$63                    jws
C:   00000401  XG$shiftout_jadwal$0$0             jws
C:   00000402  A$jws$1734                         jws
C:   00000402  C$jws.c$42$1$63                    jws
C:   00000402  C$jws.c$43$1$66                    jws
C:   00000402  G$tulisjam$0$0                     jws
C:   00000402  _tulisjam                          jws
C:   00000405  A$jws$1737                         jws
C:   00000405  C$jws.c$44$1$66                    jws
C:   00000408  A$jws$1738                         jws
C:   0000040B  A$jws$1741                         jws
C:   0000040B  C$jws.c$45$1$66                    jws
C:   0000040E  A$jws$1742                         jws
C:   00000411  A$jws$1745                         jws
C:   00000411  C$jws.c$46$1$66                    jws
C:   00000414  A$jws$1746                         jws
C:   00000417  A$jws$1749                         jws
C:   00000417  C$jws.c$47$1$66                    jws
C:   0000041A  A$jws$1750                         jws
C:   0000041D  A$jws$1753                         jws
C:   0000041D  C$jws.c$48$1$66                    jws
C:   00000420  A$jws$1754                         jws
C:   00000423  A$jws$1757                         jws
C:   00000423  C$jws.c$49$1$66                    jws
C:   00000426  A$jws$1758                         jws
C:   00000429  A$jws$1761                         jws
C:   00000429  C$jws.c$50$1$66                    jws
ASxxxx Linker V03.00 + NoICE + sdld,  page 34.
Hexadecimal  [32-Bits]

Area                                    Addr        Size        Decimal Bytes (Attributes)
--------------------------------        ----        ----        ------- ----- ------------
CSEG                                00000075    000015B7 =        5559. bytes (REL,CON,CODE)

      Value  Global                              Global Defined In Module
      -----  --------------------------------   ------------------------
C:   0000042C  A$jws$1762                         jws
C:   0000042F  A$jws$1765                         jws
C:   0000042F  C$jws.c$51$1$66                    jws
C:   00000432  A$jws$1766                         jws
C:   00000435  A$jws$1769                         jws
C:   00000435  C$jws.c$52$1$66                    jws
C:   00000438  A$jws$1770                         jws
C:   0000043B  A$jws$1773                         jws
C:   0000043B  C$jws.c$53$1$66                    jws
C:   0000043E  A$jws$1774                         jws
C:   00000441  A$jws$1777                         jws
C:   00000441  C$jws.c$54$1$66                    jws
C:   00000444  A$jws$1780                         jws
C:   00000444  C$jws.c$55$1$66                    jws
C:   00000447  A$jws$1781                         jws
C:   0000044A  A$jws$1784                         jws
C:   0000044A  C$jws.c$56$1$66                    jws
C:   0000044D  A$jws$1787                         jws
C:   0000044D  C$jws.c$57$1$66                    jws
C:   00000450  A$jws$1788                         jws
C:   00000453  A$jws$1791                         jws
C:   00000453  C$jws.c$58$1$66                    jws
C:   00000456  A$jws$1792                         jws
C:   00000459  A$jws$1795                         jws
C:   00000459  C$jws.c$59$1$66                    jws
C:   0000045C  A$jws$1796                         jws
C:   0000045F  A$jws$1799                         jws
C:   0000045F  C$jws.c$60$1$66                    jws
C:   00000462  A$jws$1802                         jws
C:   00000462  C$jws.c$61$1$66                    jws
C:   00000465  A$jws$1803                         jws
C:   00000468  A$jws$1806                         jws
C:   00000468  C$jws.c$62$1$66                    jws
C:   00000468  XG$tulisjam$0$0                    jws
C:   00000469  A$jws$1819                         jws
C:   00000469  C$jws.c$63$1$66                    jws
C:   00000469  C$jws.c$64$1$68                    jws
C:   00000469  G$bacajam$0$0                      jws
C:   00000469  _bacajam                           jws
C:   0000046C  A$jws$1822                         jws
C:   0000046C  C$jws.c$65$1$68                    jws
C:   0000046F  A$jws$1823                         jws
C:   00000472  A$jws$1826                         jws
C:   00000472  C$jws.c$66$1$68                    jws
C:   00000475  A$jws$1827                         jws
C:   00000478  A$jws$1830                         jws
C:   00000478  C$jws.c$67$1$68                    jws
C:   0000047B  A$jws$1833                         jws
C:   0000047B  C$jws.c$68$1$68                    jws
C:   0000047E  A$jws$1834                         jws
C:   00000481  A$jws$1837                         jws
ASxxxx Linker V03.00 + NoICE + sdld,  page 35.
Hexadecimal  [32-Bits]

Area                                    Addr        Size        Decimal Bytes (Attributes)
--------------------------------        ----        ----        ------- ----- ------------
CSEG                                00000075    000015B7 =        5559. bytes (REL,CON,CODE)

      Value  Global                              Global Defined In Module
      -----  --------------------------------   ------------------------
C:   00000481  C$jws.c$69$1$68                    jws
C:   00000484  A$jws$1838                         jws
C:   00000486  A$jws$1839                         jws
C:   00000488  A$jws$1842                         jws
C:   00000488  C$jws.c$70$1$68                    jws
C:   0000048B  A$jws$1845                         jws
C:   0000048B  C$jws.c$71$1$68                    jws
C:   0000048E  A$jws$1846                         jws
C:   00000490  A$jws$1847                         jws
C:   00000492  A$jws$1850                         jws
C:   00000492  C$jws.c$72$1$68                    jws
C:   00000495  A$jws$1853                         jws
C:   00000495  C$jws.c$73$1$68                    jws
C:   00000498  A$jws$1854                         jws
C:   0000049A  A$jws$1855                         jws
C:   0000049C  A$jws$1858                         jws
[...]
C:   00001410  A$jws$5092                         jws
C:   00001412  A$jws$5093                         jws
C:   00001414  A$jws$5094                         jws
C:   00001416  A$jws$5095                         jws
C:   00001418  A$jws$5096                         jws
C:   0000141A  A$jws$5097                         jws
C:   0000141C  A$jws$5101                         jws
C:   0000141C  C$jws.c$649$2$137                  jws
C:   0000141E  A$jws$5102                         jws
C:   00001420  A$jws$5103                         jws
C:   00001422  A$jws$5104                         jws
C:   00001424  A$jws$5105                         jws
C:   00001426  A$jws$5106                         jws
C:   00001428  A$jws$5108                         jws
C:   0000142B  A$jws$5112                         jws
C:   0000142B  C$jws.c$650$2$137                  jws
C:   0000142D  A$jws$5113                         jws
C:   0000142E  A$jws$5114                         jws
C:   00001430  A$jws$5118                         jws
C:   00001430  C$jws.c$652$1$135                  jws
C:   00001432  A$jws$5119                         jws
C:   00001434  A$jws$5120                         jws
C:   00001436  A$jws$5123                         jws
C:   00001436  C$jws.c$653$2$138                  jws
C:   00001439  A$jws$5126                         jws
C:   00001439  C$jws.c$654$2$138                  jws
C:   0000143B  A$jws$5127                         jws
ASxxxx Linker V03.00 + NoICE + sdld,  page 83.
Hexadecimal  [32-Bits]

Area                                    Addr        Size        Decimal Bytes (Attributes)
--------------------------------        ----        ----        ------- ----- ------------
CSEG                                00000075    000015B7 =        5559. bytes (REL,CON,CODE)

      Value  Global                              Global Defined In Module
      -----  --------------------------------   ------------------------
C:   0000143E  A$jws$5128                         jws
C:   00001440  A$jws$5130                         jws
C:   00001442  A$jws$5131                         jws
C:   00001445  A$jws$5133                         jws
C:   00001447  A$jws$5137                         jws
C:   00001447  C$jws.c$655$2$138                  jws
C:   00001449  A$jws$5138                         jws
C:   0000144C  A$jws$5139                         jws
C:   0000144E  A$jws$5143                         jws
C:   0000144E  C$jws.c$656$2$138                  jws
C:   00001450  A$jws$5144                         jws
C:   00001453  A$jws$5145                         jws
C:   00001455  A$jws$5147                         jws
C:   00001457  A$jws$5148                         jws
C:   0000145A  A$jws$5150                         jws
C:   0000145C  A$jws$5154                         jws
C:   0000145C  C$jws.c$668$1$135                  jws
C:   0000145F  A$jws$5157                         jws
C:   0000145F  C$jws.c$669$1$135                  jws
C:   00001462  A$jws$5160                         jws
C:   00001462  C$jws.c$670$1$135                  jws
C:   00001464  A$jws$5163                         jws
C:   00001464  C$jws.c$671$1$135                  jws
C:   00001466  A$jws$5164                         jws
C:   00001468  A$jws$5165                         jws
C:   0000146A  A$jws$5168                         jws
C:   0000146A  C$jws.c$672$1$135                  jws
C:   0000146A  XG$remot$0$0                       jws
C:   0000146B  A$jws$5195                         jws
C:   0000146B  C$jws.c$674$1$135                  jws
C:   0000146B  C$jws.c$678$1$135                  jws
C:   0000146B  G$main$0$0                         jws
C:   0000146B  _main                              jws
C:   0000146D  A$jws$5198                         jws
C:   0000146D  C$jws.c$679$1$140                  jws
C:   00001470  A$jws$5201                         jws
C:   00001470  C$jws.c$680$1$140                  jws
C:   00001473  A$jws$5204                         jws
C:   00001473  C$jws.c$699$1$140                  jws
C:   00001476  A$jws$5207                         jws
C:   00001476  C$jws.c$700$1$140                  jws
C:   00001479  A$jws$5210                         jws
C:   00001479  C$jws.c$701$1$140                  jws
C:   0000147B  A$jws$5213                         jws
C:   0000147B  C$jws.c$702$1$140                  jws
C:   0000147E  A$jws$5216                         jws
C:   0000147E  C$jws.c$703$1$140                  jws
C:   00001480  A$jws$5219                         jws
C:   00001480  C$jws.c$704$1$140                  jws
C:   00001482  A$jws$5222                         jws
C:   00001482  C$jws.c$705$1$140                  jws
ASxxxx Linker V03.00 + NoICE + sdld,  page 84.
Hexadecimal  [32-Bits]

Area                                    Addr        Size        Decimal Bytes (Attributes)
--------------------------------        ----        ----        ------- ----- ------------
CSEG                                00000075    000015B7 =        5559. bytes (REL,CON,CODE)

      Value  Global                              Global Defined In Module
      -----  --------------------------------   ------------------------
C:   00001484  A$jws$5225                         jws
C:   00001484  C$jws.c$706$1$140                  jws
C:   00001486  A$jws$5228                         jws
C:   00001486  C$jws.c$707$1$140                  jws
C:   00001488  A$jws$5231                         jws
C:   00001488  C$jws.c$709$1$140                  jws
C:   0000148B  A$jws$5234                         jws
C:   0000148B  C$jws.c$710$1$140                  jws
C:   0000148E  A$jws$5235                         jws
C:   00001491  A$jws$5238                         jws
C:   00001491  C$jws.c$711$1$140                  jws
C:   00001494  A$jws$5239                         jws
C:   00001497  A$jws$5242                         jws
C:   00001497  C$jws.c$712$1$140                  jws
C:   0000149A  A$jws$5243                         jws
C:   0000149D  A$jws$5246                         jws
C:   0000149D  C$jws.c$713$1$140                  jws
C:   000014A0  A$jws$5249                         jws
C:   000014A0  C$jws.c$714$1$140                  jws
C:   000014A3  A$jws$5250                         jws
C:   000014A6  A$jws$5253                         jws
C:   000014A6  C$jws.c$715$1$140                  jws
C:   000014A9  A$jws$5256                         jws
C:   000014A9  C$jws.c$717$1$140                  jws
C:   000014AC  A$jws$5262                         jws
C:   000014AC  C$jws.c$718$1$140                  jws
C:   000014AC  C$jws.c$719$2$141                  jws
C:   000014AF  A$jws$5265                         jws
C:   000014AF  C$jws.c$720$2$141                  jws
C:   000014B2  A$jws$5268                         jws
C:   000014B2  C$jws.c$721$2$141                  jws
C:   000014B4  A$jws$5269                         jws
C:   000014B6  A$jws$5270                         jws
C:   000014B8  A$jws$5271                         jws
C:   000014BA  A$jws$5274                         jws
C:   000014BA  C$jws.c$722$3$142                  jws
C:   000014BD  A$jws$5275                         jws
C:   000014C0  A$jws$5278                         jws
C:   000014C0  C$jws.c$723$3$142                  jws
C:   000014C3  A$jws$5282                         jws
C:   000014C5  A$jws$5286                         jws
C:   000014C5  C$jws.c$726$4$147                  jws
C:   000014C8  A$jws$5289                         jws
C:   000014C8  C$jws.c$728$4$144                  jws
C:   000014CA  A$jws$5290                         jws
C:   000014CD  A$jws$5293                         jws
C:   000014CD  C$jws.c$729$4$144                  jws
C:   000014D0  A$jws$5294                         jws
C:   000014D2  A$jws$5295                         jws
C:   000014D4  A$jws$5299                         jws
C:   000014D4  C$jws.c$731$3$143                  jws
ASxxxx Linker V03.00 + NoICE + sdld,  page 85.
Hexadecimal  [32-Bits]

Area                                    Addr        Size        Decimal Bytes (Attributes)
--------------------------------        ----        ----        ------- ----- ------------
CSEG                                00000075    000015B7 =        5559. bytes (REL,CON,CODE)

      Value  Global                              Global Defined In Module
      -----  --------------------------------   ------------------------
C:   000014D6  A$jws$5300                         jws
C:   000014D9  A$jws$5301                         jws
C:   000014DB  A$jws$5304                         jws
C:   000014DB  C$jws.c$732$3$143                  jws
C:   000014DC  A$jws$5305                         jws
C:   000014DE  A$jws$5306                         jws
C:   000014E0  A$jws$5307                         jws
C:   000014E2  A$jws$5310                         jws
C:   000014E2  C$jws.c$733$4$145                  jws
C:   000014E4  A$jws$5311                         jws
C:   000014E5  A$jws$5312                         jws
C:   000014E7  A$jws$5313                         jws
C:   000014E8  A$jws$5314                         jws
C:   000014EA  A$jws$5315                         jws
C:   000014EB  A$jws$5316                         jws
C:   000014ED  A$jws$5317                         jws
C:   000014EF  A$jws$5321                         jws
C:   000014EF  C$jws.c$734$4$145                  jws
C:   000014F0  A$jws$5322                         jws
C:   000014F1  A$jws$5323                         jws
C:   000014F3  A$jws$5324                         jws
C:   000014F5  A$jws$5325                         jws
C:   000014F7  A$jws$5326                         jws
C:   000014F8  A$jws$5327                         jws
C:   000014FA  A$jws$5328                         jws
C:   000014FC  A$jws$5332                         jws
C:   000014FC  C$jws.c$735$4$145                  jws
C:   000014FD  A$jws$5333                         jws
C:   000014FE  A$jws$5334                         jws
C:   00001500  A$jws$5335                         jws
C:   00001502  A$jws$5336                         jws
C:   00001503  A$jws$5337                         jws
C:   00001505  A$jws$5338                         jws
C:   00001507  A$jws$5339                         jws
C:   00001509  A$jws$5343                         jws
C:   00001509  C$jws.c$737$3$143                  jws
C:   0000150A  A$jws$5344                         jws
C:   0000150C  A$jws$5345                         jws
C:   0000150E  A$jws$5346                         jws
C:   00001510  A$jws$5349                         jws
C:   00001510  C$jws.c$738$4$146                  jws
C:   00001512  A$jws$5350                         jws
C:   00001513  A$jws$5351                         jws
C:   00001515  A$jws$5352                         jws
C:   00001516  A$jws$5353                         jws
C:   00001518  A$jws$5354                         jws
C:   00001519  A$jws$5355                         jws
C:   0000151B  A$jws$5356                         jws
C:   0000151D  A$jws$5360                         jws
C:   0000151D  C$jws.c$739$4$146                  jws
C:   0000151E  A$jws$5361                         jws
ASxxxx Linker V03.00 + NoICE + sdld,  page 86.
Hexadecimal  [32-Bits]

Area                                    Addr        Size        Decimal Bytes (Attributes)
--------------------------------        ----        ----        ------- ----- ------------
CSEG                                00000075    000015B7 =        5559. bytes (REL,CON,CODE)

      Value  Global                              Global Defined In Module
      -----  --------------------------------   ------------------------
C:   0000151F  A$jws$5362                         jws
C:   00001521  A$jws$5363                         jws
C:   00001523  A$jws$5364                         jws
C:   00001525  A$jws$5365                         jws
C:   00001526  A$jws$5366                         jws
C:   00001528  A$jws$5367                         jws
C:   0000152A  A$jws$5371                         jws
C:   0000152A  C$jws.c$740$4$146                  jws
C:   0000152B  A$jws$5372                         jws
C:   0000152C  A$jws$5373                         jws
C:   0000152E  A$jws$5374                         jws
C:   00001530  A$jws$5375                         jws
C:   00001531  A$jws$5376                         jws
C:   00001533  A$jws$5377                         jws
C:   00001535  A$jws$5378                         jws
C:   00001537  A$jws$5382                         jws
C:   00001537  C$jws.c$741$3$143                  jws
C:   00001539  A$jws$5383                         jws
C:   0000153C  A$jws$5384                         jws
C:   0000153E  A$jws$5388                         jws
C:   0000153E  C$jws.c$742$3$143                  jws
C:   00001541  A$jws$5391                         jws
C:   00001541  C$jws.c$743$4$147                  jws
C:   00001544  A$jws$5392                         jws
C:   00001545  A$jws$5393                         jws
C:   00001546  A$jws$5394                         jws
C:   00001547  A$jws$5395                         jws
C:   00001549  A$jws$5398                         jws
C:   00001549  C$jws.c$744$4$147                  jws
C:   0000154C  A$jws$5399                         jws
C:   0000154D  A$jws$5400                         jws
C:   0000154E  A$jws$5401                         jws
C:   0000154F  A$jws$5402                         jws
C:   00001551  A$jws$5405                         jws
C:   00001551  C$jws.c$745$4$147                  jws
C:   00001554  A$jws$5406                         jws
C:   00001555  A$jws$5407                         jws
C:   00001556  A$jws$5408                         jws
C:   00001557  A$jws$5409                         jws
C:   00001559  A$jws$5412                         jws
C:   00001559  C$jws.c$746$4$147                  jws
C:   0000155C  A$jws$5413                         jws
C:   0000155D  A$jws$5414                         jws
C:   0000155E  A$jws$5415                         jws
C:   0000155F  A$jws$5416                         jws
C:   00001561  A$jws$5419                         jws
C:   00001561  C$jws.c$747$4$147                  jws
C:   00001563  A$jws$5421                         jws
C:   00001564  A$jws$5422                         jws
C:   00001566  A$jws$5423                         jws
C:   00001567  A$jws$5424                         jws
ASxxxx Linker V03.00 + NoICE + sdld,  page 87.
Hexadecimal  [32-Bits]

Area                                    Addr        Size        Decimal Bytes (Attributes)
--------------------------------        ----        ----        ------- ----- ------------
CSEG                                00000075    000015B7 =        5559. bytes (REL,CON,CODE)

      Value  Global                              Global Defined In Module
      -----  --------------------------------   ------------------------
C:   0000156A  A$jws$5425                         jws
C:   0000156B  A$jws$5426                         jws
C:   0000156C  A$jws$5427                         jws
C:   0000156D  A$jws$5428                         jws
C:   0000156E  A$jws$5429                         jws
C:   0000156F  A$jws$5430                         jws
C:   00001572  A$jws$5432                         jws
C:   00001574  A$jws$5435                         jws
C:   00001574  C$jws.c$748$4$147                  jws
C:   00001576  A$jws$5437                         jws
C:   00001577  A$jws$5438                         jws
C:   00001579  A$jws$5439                         jws
C:   0000157A  A$jws$5440                         jws
C:   0000157D  A$jws$5441                         jws
C:   0000157E  A$jws$5442                         jws
C:   0000157F  A$jws$5443                         jws
C:   00001580  A$jws$5444                         jws
C:   00001581  A$jws$5445                         jws
C:   00001582  A$jws$5446                         jws
C:   00001585  A$jws$5448                         jws
C:   00001587  A$jws$5452                         jws
C:   00001587  C$jws.c$752$3$143                  jws
C:   0000158A  A$jws$5454                         jws
C:   0000158C  A$jws$5455                         jws
C:   0000158F  A$jws$5456                         jws
C:   00001591  A$jws$5457                         jws
C:   00001594  A$jws$5458                         jws
C:   00001596  A$jws$5462                         jws
C:   00001596  C$jws.c$753$3$143                  jws
C:   00001599  A$jws$5465                         jws
C:   00001599  C$jws.c$755$4$148                  jws
C:   0000159B  A$jws$5466                         jws
C:   0000159E  A$jws$5469                         jws
C:   0000159E  C$jws.c$756$4$148                  jws
C:   000015A1  A$jws$5470                         jws
C:   000015A3  A$jws$5471                         jws
C:   000015A5  A$jws$5475                         jws
C:   000015A5  C$jws.c$725$2$141                  jws
C:   000015A6  A$jws$5476                         jws
C:   000015A9  A$jws$5478                         jws
C:   000015AB  A$jws$5479                         jws
C:   000015AE  A$jws$5481                         jws
C:   000015B1  A$jws$5484                         jws
C:   000015B1  C$jws.c$762$1$140                  jws
C:   000015B1  XG$main$0$0                        jws
C:   000015B2  __divuint                          _divuint
C:   000015DB  __moduint                          _moduint
C:   00001628  __sdcc_external_startup            _startup

ASxxxx Linker V03.00 + NoICE + sdld,  page 88.
Hexadecimal  [32-Bits]

Area                                    Addr        Size        Decimal Bytes (Attributes)
--------------------------------        ----        ----        ------- ----- ------------
CONST                               0000162C    00000021 =          33. bytes (REL,CON,CODE)

      Value  Global                              Global Defined In Module
      -----  --------------------------------   ------------------------
C:   0000162C  G$data_jam$0$0                     jws
C:   0000162C  _data_jam                          jws
C:   00001637  G$data_kalender$0$0                jws
C:   00001637  _data_kalender                     jws
C:   00001642  G$data_jadwal$0$0                  jws
C:   00001642  _data_jadwal                       jws
ASxxxx Linker V03.00 + NoICE + sdld,  page 89.

Files Linked                              [ module(s) ]

jws.rel                                   [  ]


Libraries Linked                          [ object file ]

C:\Program Files\SDCC\bin\..\lib\small/libint.lib
                                          [ _divuint.rel ]
C:\Program Files\SDCC\bin\..\lib\small/mcs51.lib
                                          [ crtclear.rel ]
C:\Program Files\SDCC\bin\..\lib\small/mcs51.lib
                                          [ crtxinit.rel ]
C:\Program Files\SDCC\bin\..\lib\small/libint.lib
                                          [ _moduint.rel ]
C:\Program Files\SDCC\bin\..\lib\small/mcs51.lib
                                          [ crtxclear.rel ]
C:\Program Files\SDCC\bin\..\lib\small/mcs51.lib
                                          [ crtpagesfr.rel ]
C:\Program Files\SDCC\bin\..\lib\small/mcs51.lib
                                          [ crtstart.rel ]
C:\Program Files\SDCC\bin\..\lib\small/libsdcc.lib
                                          [ _startup.rel ]

ASxxxx Linker V03.00 + NoICE + sdld,  page 90.

User Base Address Definitions

HOME = 0x0000
XSEG = 0x0001
PSEG = 0x0001
ISEG = 0x0000
BSEG = 0x0000

